Archive member included to satisfy reference by file (symbol)

c:/program files/microchip/xc8/v2.32/avr/bin/../lib/gcc/avr/5.4.0/avrxmega3\libgcc.a(_divmodhi4.o)
                              build/default/production/tcpm.o (__divmodhi4)
c:/program files/microchip/xc8/v2.32/avr/bin/../lib/gcc/avr/5.4.0/avrxmega3\libgcc.a(_udivmodsi4.o)
                              build/default/production/tcpci.o (__udivmodsi4)
c:/program files/microchip/xc8/v2.32/avr/bin/../lib/gcc/avr/5.4.0/avrxmega3\libgcc.a(_exit.o)
                              C:/Program Files/Microchip/MPLABX/v5.50/packs/Microchip/ATtiny_DFP/2.6.122/xc8/avr/lib/avrxmega3/crtattiny3217.o (exit)
c:/program files/microchip/xc8/v2.32/avr/bin/../lib/gcc/avr/5.4.0/avrxmega3\libgcc.a(_tablejump2.o)
                              build/default/production/tcpm.o (__tablejump2__)
c:/program files/microchip/xc8/v2.32/avr/bin/../lib/gcc/avr/5.4.0/avrxmega3\libgcc.a(_copy_data.o)
                              build/default/production/mcc_generated_files/src/usart0.o (__do_copy_data)
c:/program files/microchip/xc8/v2.32/avr/bin/../lib/gcc/avr/5.4.0/avrxmega3\libgcc.a(_muluhisi3.o)
                              build/default/production/tcpci.o (__muluhisi3)
c:/program files/microchip/xc8/v2.32/avr/bin/../lib/gcc/avr/5.4.0/avrxmega3\libgcc.a(_udivmodhi4.o)
                              c:/program files/microchip/xc8/v2.32/avr/bin/../lib/gcc/avr/5.4.0/avrxmega3\libgcc.a(_divmodhi4.o) (__udivmodhi4)
c:/program files/microchip/xc8/v2.32/avr/bin/../lib/gcc/avr/5.4.0/avrxmega3\libgcc.a(_umulhisi3.o)
                              c:/program files/microchip/xc8/v2.32/avr/bin/../lib/gcc/avr/5.4.0/avrxmega3\libgcc.a(_muluhisi3.o) (__umulhisi3)
c:/program files/microchip/xc8/v2.32/avr/bin/../lib/gcc/avr/5.4.0/../../../../avr/lib/avrxmega3\libc.a(malloc.o)
                              build/default/production/tcpci.o (malloc)
c:/program files/microchip/xc8/v2.32/avr/bin/../lib/gcc/avr/5.4.0/../../../../avr/lib/avrxmega3\libc.a(memcpy.o)
                              build/default/production/mcc_generated_files/src/nvmctrl.o (memcpy)
c:/program files/microchip/xc8/v2.32/avr/bin/../lib/gcc/avr/5.4.0/../../../../avr/lib/avrxmega3\libc.a(iob.o)
                              build/default/production/mcc_generated_files/src/usart0.o (__iob)
c:/program files/microchip/xc8/v2.32/avr/bin/../lib/gcc/avr/5.4.0/../../../../avr/lib/avrxmega3\libc.a(printf.o)
                              build/default/production/main.o (printf)
c:/program files/microchip/xc8/v2.32/avr/bin/../lib/gcc/avr/5.4.0/../../../../avr/lib/avrxmega3\libc.a(vfprintf_std.o)
                              c:/program files/microchip/xc8/v2.32/avr/bin/../lib/gcc/avr/5.4.0/../../../../avr/lib/avrxmega3\libc.a(printf.o) (vfprintf)
c:/program files/microchip/xc8/v2.32/avr/bin/../lib/gcc/avr/5.4.0/../../../../avr/lib/avrxmega3\libc.a(strnlen_P.o)
                              c:/program files/microchip/xc8/v2.32/avr/bin/../lib/gcc/avr/5.4.0/../../../../avr/lib/avrxmega3\libc.a(vfprintf_std.o) (strnlen_P)
c:/program files/microchip/xc8/v2.32/avr/bin/../lib/gcc/avr/5.4.0/../../../../avr/lib/avrxmega3\libc.a(strnlen.o)
                              c:/program files/microchip/xc8/v2.32/avr/bin/../lib/gcc/avr/5.4.0/../../../../avr/lib/avrxmega3\libc.a(vfprintf_std.o) (strnlen)
c:/program files/microchip/xc8/v2.32/avr/bin/../lib/gcc/avr/5.4.0/../../../../avr/lib/avrxmega3\libc.a(fputc.o)
                              c:/program files/microchip/xc8/v2.32/avr/bin/../lib/gcc/avr/5.4.0/../../../../avr/lib/avrxmega3\libc.a(vfprintf_std.o) (fputc)
c:/program files/microchip/xc8/v2.32/avr/bin/../lib/gcc/avr/5.4.0/../../../../avr/lib/avrxmega3\libc.a(ultoa_invert.o)
                              c:/program files/microchip/xc8/v2.32/avr/bin/../lib/gcc/avr/5.4.0/../../../../avr/lib/avrxmega3\libc.a(vfprintf_std.o) (__ultoa_invert)
c:/program files/microchip/xc8/v2.32/avr/bin/../lib/gcc/avr/5.4.0/avrxmega3\libgcc.a(_prologue.o)
                              c:/program files/microchip/xc8/v2.32/avr/bin/../lib/gcc/avr/5.4.0/../../../../avr/lib/avrxmega3\libc.a(printf.o) (__prologue_saves__)
c:/program files/microchip/xc8/v2.32/avr/bin/../lib/gcc/avr/5.4.0/avrxmega3\libgcc.a(_epilogue.o)
                              c:/program files/microchip/xc8/v2.32/avr/bin/../lib/gcc/avr/5.4.0/../../../../avr/lib/avrxmega3\libc.a(printf.o) (__epilogue_restores__)

Allocating common symbols
Common symbol       size              file

tcpci0              0x2               build/default/production/mx_tcpm.o
store               0x20              build/default/production/tcpci.o
port0               0x2               build/default/production/mx_tcpm.o
__brkval            0x2               c:/program files/microchip/xc8/v2.32/avr/bin/../lib/gcc/avr/5.4.0/../../../../avr/lib/avrxmega3\libc.a(malloc.o)
_event              0x20              build/default/production/tcpm.o
[...]
Memory Configuration

Name             Origin             Length             Attributes
text             0x0000000000000000 0x0000000000008000 xr
data             0x0000000000803800 0x0000000000000800 rw !x
eeprom           0x0000000000810000 0x0000000000000100 rw !x
fuse             0x0000000000820000 0x000000000000000a rw !x
lock             0x0000000000830000 0x0000000000000400 rw !x
signature        0x0000000000840000 0x0000000000000400 rw !x
user_signatures  0x0000000000850000 0x0000000000000400 rw !x
*default*        0x0000000000000000 0xffffffffffffffff

Linker script and memory map

Address of section .data set to 0x803800
                0x0000000000008000                __RODATA_PM_OFFSET__ = 0x8000
LOAD C:/Program Files/Microchip/MPLABX/v5.50/packs/Microchip/ATtiny_DFP/2.6.122/xc8/avr/lib/avrxmega3/crtattiny3217.o
                0x0000000000000001                __MPLAB_BUILD = 0x1
LOAD build/default/production/mcc_generated_files/examples/twi0_master_example.o
LOAD build/default/production/mcc_generated_files/src/pin_manager.o
LOAD build/default/production/mcc_generated_files/src/protected_io.o
LOAD build/default/production/mcc_generated_files/src/cpuint.o
LOAD build/default/production/mcc_generated_files/src/usart0.o
LOAD build/default/production/mcc_generated_files/src/twi0_master.o
LOAD build/default/production/mcc_generated_files/src/rtc.o
LOAD build/default/production/mcc_generated_files/src/nvmctrl.o
LOAD build/default/production/mcc_generated_files/device_config.o
LOAD build/default/production/mcc_generated_files/mcc.o
LOAD build/default/production/mx_tcpm.o
LOAD build/default/production/tcpci.o
LOAD build/default/production/tcpm.o
LOAD build/default/production/main.o
LOAD build/default/production/mx_time.o
START GROUP
LOAD c:/program files/microchip/xc8/v2.32/avr/bin/../lib/gcc/avr/5.4.0/../../../../avr/lib/avrxmega3\libm.a
END GROUP
START GROUP
LOAD c:/program files/microchip/xc8/v2.32/avr/bin/../lib/gcc/avr/5.4.0/avrxmega3\libgcc.a
LOAD c:/program files/microchip/xc8/v2.32/avr/bin/../lib/gcc/avr/5.4.0/../../../../avr/lib/avrxmega3\libm.a
LOAD c:/program files/microchip/xc8/v2.32/avr/bin/../lib/gcc/avr/5.4.0/../../../../avr/lib/avrxmega3\libc.a
LOAD C:/Program Files/Microchip/MPLABX/v5.50/packs/Microchip/ATtiny_DFP/2.6.122/xc8/avr/lib/avrxmega3\libattiny3217.a
END GROUP
                [0x0000000000000000]                __TEXT_REGION_ORIGIN__ = DEFINED (__TEXT_REGION_ORIGIN__)?__TEXT_REGION_ORIGIN__:0x0
                [0x0000000000803800]                __DATA_REGION_ORIGIN__ = DEFINED (__DATA_REGION_ORIGIN__)?__DATA_REGION_ORIGIN__:0x802000
                [0x0000000000008000]                __TEXT_REGION_LENGTH__ = DEFINED (__TEXT_REGION_LENGTH__)?__TEXT_REGION_LENGTH__:0x100000
                [0x0000000000000800]                __DATA_REGION_LENGTH__ = DEFINED (__DATA_REGION_LENGTH__)?__DATA_REGION_LENGTH__:0xffa0
                [0x0000000000000100]                __EEPROM_REGION_LENGTH__ = DEFINED (__EEPROM_REGION_LENGTH__)?__EEPROM_REGION_LENGTH__:0x10000
                [0x000000000000000a]                __FUSE_REGION_LENGTH__ = DEFINED (__FUSE_REGION_LENGTH__)?__FUSE_REGION_LENGTH__:0x400
                0x0000000000000400                __LOCK_REGION_LENGTH__ = DEFINED (__LOCK_REGION_LENGTH__)?__LOCK_REGION_LENGTH__:0x400
                0x0000000000000400                __SIGNATURE_REGION_LENGTH__ = DEFINED (__SIGNATURE_REGION_LENGTH__)?__SIGNATURE_REGION_LENGTH__:0x400
                0x0000000000000400                __USER_SIGNATURE_REGION_LENGTH__ = DEFINED (__USER_SIGNATURE_REGION_LENGTH__)?__USER_SIGNATURE_REGION_LENGTH__:0x400
                0x0000000000008000                __RODATA_PM_OFFSET__ = DEFINED (__RODATA_PM_OFFSET__)?__RODATA_PM_OFFSET__:0x8000

.hash
 *(.hash)

.dynsym
 *(.dynsym)

.dynstr
 *(.dynstr)

.gnu.version
 *(.gnu.version)

.gnu.version_d
 *(.gnu.version_d)

.gnu.version_r
 *(.gnu.version_r)

.rel.init
 *(.rel.init)

.rela.init
 *(.rela.init)

.rel.text
 *(.rel.text)
 *(.rel.text.*)
 *(.rel.gnu.linkonce.t*)

.rela.text
 *(.rela.text)
 *(.rela.text.*)
 *(.rela.gnu.linkonce.t*)

.rel.fini
 *(.rel.fini)

.rela.fini
 *(.rela.fini)

.rel.rodata
 *(.rel.rodata)
 *(.rel.rodata.*)
 *(.rel.gnu.linkonce.r*)

.rela.rodata
 *(.rela.rodata)
 *(.rela.rodata.*)
 *(.rela.gnu.linkonce.r*)

.rel.data
 *(.rel.data)
 *(.rel.data.*)
 *(.rel.gnu.linkonce.d*)

.rela.data
 *(.rela.data)
 *(.rela.data.*)
 *(.rela.gnu.linkonce.d*)

.rel.ctors
 *(.rel.ctors)

.rela.ctors
 *(.rela.ctors)

.rel.dtors
 *(.rel.dtors)

.rela.dtors
 *(.rela.dtors)

.rel.got
 *(.rel.got)

.rela.got
 *(.rela.got)

.rel.bss
 *(.rel.bss)

.rela.bss
 *(.rela.bss)

.rel.plt
 *(.rel.plt)

.rela.plt
 *(.rela.plt)

.text           0x0000000000000000      0x3f6
 *(.vectors)
 .vectors       0x0000000000000000       0x7c C:/Program Files/Microchip/MPLABX/v5.50/packs/Microchip/ATtiny_DFP/2.6.122/xc8/avr/lib/avrxmega3/crtattiny3217.o
                0x0000000000000000                __vector_default
                0x0000000000000000                __vectors
 *(.vectors)
 *(.progmem.gcc*)
 .progmem.gcc_sw_table._tcpm_cc_change
                0x000000000000007c       0xac build/default/production/tcpm.o
 .progmem.gcc_sw_table.tcpm_state_machine_work
                0x0000000000000128       0xac build/default/production/tcpm.o
 .progmem.gcc_sw_table.tcpm_pd_event_handler_mx
                0x00000000000001d4      0x18c build/default/production/tcpm.o
 *(.dinit)
 .dinit         0x0000000000000360       0x41 data_init
                0x00000000000003a2                . = ALIGN (0x2)
 *fill*         0x00000000000003a1        0x1 
                0x00000000000003a2                __trampolines_start = .
 *(.trampolines)
 .trampolines   0x00000000000003a2        0x0 linker stubs
 *(.trampolines*)
                0x00000000000003a2                __trampolines_end = .
 *libprintf_flt.a:*(.progmem.data)
 *libc.a:*(.progmem.data)
                0x00000000000003a2                . = ALIGN (0x2)
 *(.jumptables)
 *(.jumptables*)
 *(.lowtext)
 *(.lowtext*)
                0x00000000000003a2                __ctors_start = .
 *(.ctors)
                0x00000000000003a2                __ctors_end = .
                0x00000000000003a2                __dtors_start = .
 *(.dtors)
                0x00000000000003a2                __dtors_end = .
 SORT(*)(.ctors)
 SORT(*)(.dtors)
 *(.init0)
 .init0         0x00000000000003a2        0x0 C:/Program Files/Microchip/MPLABX/v5.50/packs/Microchip/ATtiny_DFP/2.6.122/xc8/avr/lib/avrxmega3/crtattiny3217.o
                0x00000000000003a2                __init
 *(.init0)
 *(.init1)
 *(.init1)
 *(.init2)
 .init2         0x00000000000003a2        0xc C:/Program Files/Microchip/MPLABX/v5.50/packs/Microchip/ATtiny_DFP/2.6.122/xc8/avr/lib/avrxmega3/crtattiny3217.o
 *(.init2)
 *(.init3)
 *(.init3)
 *(.init4)
 .init4         0x00000000000003ae       0x3c c:/program files/microchip/xc8/v2.32/avr/bin/../lib/gcc/avr/5.4.0/avrxmega3\libgcc.a(_copy_data.o)
                0x00000000000003ae                __do_copy_data
                0x00000000000003dc                __do_clear_bss
 *(.init4)
 *(.init5)
 *(.init5)
 *(.init6)
 *(.init6)
 *(.init7)
 *(.init7)
 *(.init8)
 *(.init8)
 *(.init9)
 .init9         0x00000000000003ea        0x8 C:/Program Files/Microchip/MPLABX/v5.50/packs/Microchip/ATtiny_DFP/2.6.122/xc8/avr/lib/avrxmega3/crtattiny3217.o
 *(.init9)
                0x00000000000003f2                . = ALIGN (0x2)
 *(.fini9)
 .fini9         0x00000000000003f2        0x0 c:/program files/microchip/xc8/v2.32/avr/bin/../lib/gcc/avr/5.4.0/avrxmega3\libgcc.a(_exit.o)
                0x00000000000003f2                _exit
                0x00000000000003f2                exit
 *(.fini9)
 *(.fini8)
 *(.fini8)
 *(.fini7)
 *(.fini7)
 *(.fini6)
 *(.fini6)
 *(.fini5)
 *(.fini5)
 *(.fini4)
 *(.fini4)
 *(.fini3)
 *(.fini3)
 *(.fini2)
 *(.fini2)
 *(.fini1)
 *(.fini1)
 *(.fini0)
 .fini0         0x00000000000003f2        0x4 c:/program files/microchip/xc8/v2.32/avr/bin/../lib/gcc/avr/5.4.0/avrxmega3\libgcc.a(_exit.o)
 *(.fini0)
                0x00000000000003f6                _etext = .

.data           0x0000000000803800        0x0 load address 0x00000000000003f6
                [!provide]                        PROVIDE (__data_start, .)
 *(.gnu.linkonce.d*)
                0x0000000000803800                . = ALIGN (0x2)
                0x0000000000803800                _edata = .
                [!provide]                        PROVIDE (__data_end, .)

.bss            0x0000000000803800       0x54
                [!provide]                        PROVIDE (__bss_start, .)
 *(COMMON)
 COMMON         0x0000000000803800        0x8 build/default/production/mx_tcpm.o
                0x0000000000803800                tcpci0
                0x0000000000803802                port0
                0x0000000000803804                mxcb
 COMMON         0x0000000000803808       0x20 build/default/production/tcpci.o
                0x0000000000803808                store
 COMMON         0x0000000000803828       0x22 build/default/production/tcpm.o
                0x0000000000803828                _event
                0x0000000000803848                tcpm_negotiated_rev
 COMMON         0x000000000080384a        0x4 c:/program files/microchip/xc8/v2.32/avr/bin/../lib/gcc/avr/5.4.0/../../../../avr/lib/avrxmega3\libc.a(malloc.o)
                0x000000000080384a                __brkval
                0x000000000080384c                __flp
 COMMON         0x000000000080384e        0x6 c:/program files/microchip/xc8/v2.32/avr/bin/../lib/gcc/avr/5.4.0/../../../../avr/lib/avrxmega3\libc.a(iob.o)
                0x000000000080384e                __iob
                [!provide]                        PROVIDE (__bss_end, .)
                0x00000000000003f6                __data_load_start = LOADADDR (.data)
                0x00000000000003f6                __data_load_end = (__data_load_start + SIZEOF (.data))

.noinit         0x0000000000803854        0x0
                [!provide]                        PROVIDE (__noinit_start, .)
 *(.noinit*)
                [!provide]                        PROVIDE (__noinit_end, .)
                0x0000000000803854                _end = .

.eeprom         0x0000000000810000        0x0
 *(.eeprom*)
                0x0000000000810000                __eeprom_end = .

.fuse           0x0000000000820000        0x9
 *(.fuse)
 .fuse          0x0000000000820000        0x9 build/default/production/mcc_generated_files/device_config.o
                0x0000000000820000                __fuse
 *(.lfuse)
 *(.hfuse)
 *(.efuse)

.lock
 *(.lock*)

.signature
 *(.signature*)

.user_signatures
 *(.user_signatures*)

.stab
 *(.stab)

.stabstr
 *(.stabstr)

.stab.excl
 *(.stab.excl)

.stab.exclstr
 *(.stab.exclstr)

.stab.index
 *(.stab.index)

.stab.indexstr
 *(.stab.indexstr)

.comment        0x0000000000000000       0x5b
 *(.comment)
 .comment       0x0000000000000000       0x2f build/default/production/mcc_generated_files/examples/twi0_master_example.o
                                         0x30 (size before relaxing)
 .comment       0x000000000000002f       0x30 build/default/production/mcc_generated_files/src/pin_manager.o
 .comment       0x000000000000002f       0x30 build/default/production/mcc_generated_files/src/cpuint.o
 .comment       0x000000000000002f       0x30 build/default/production/mcc_generated_files/src/usart0.o
 .comment       0x000000000000002f       0x30 build/default/production/mcc_generated_files/src/twi0_master.o
 .comment       0x000000000000002f       0x30 build/default/production/mcc_generated_files/src/rtc.o
 .comment       0x000000000000002f       0x30 build/default/production/mcc_generated_files/src/nvmctrl.o
 .comment       0x000000000000002f       0x30 build/default/production/mcc_generated_files/device_config.o
 .comment       0x000000000000002f       0x30 build/default/production/mcc_generated_files/mcc.o
 .comment       0x000000000000002f       0x30 build/default/production/mx_tcpm.o
 .comment       0x000000000000002f       0x30 build/default/production/tcpci.o
 .comment       0x000000000000002f       0x30 build/default/production/tcpm.o
 .comment       0x000000000000002f       0x30 build/default/production/main.o
 .comment       0x000000000000002f       0x30 build/default/production/mx_time.o
 .comment       0x000000000000002f       0x2c c:/program files/microchip/xc8/v2.32/avr/bin/../lib/gcc/avr/5.4.0/../../../../avr/lib/avrxmega3\libc.a(malloc.o)
                                         0x2d (size before relaxing)
 .comment       0x000000000000005b       0x2d c:/program files/microchip/xc8/v2.32/avr/bin/../lib/gcc/avr/5.4.0/../../../../avr/lib/avrxmega3\libc.a(iob.o)

.stack.descriptors.hdr
                0x0000000000000000       0x8c
 .stack.descriptors.hdr
                0x0000000000000000        0xe c:/program files/microchip/xc8/v2.32/avr/bin/../lib/gcc/avr/5.4.0/avrxmega3\libgcc.a(_divmodhi4.o)
 .stack.descriptors.hdr
                0x000000000000000e        0xe c:/program files/microchip/xc8/v2.32/avr/bin/../lib/gcc/avr/5.4.0/avrxmega3\libgcc.a(_udivmodsi4.o)
 .stack.descriptors.hdr
                0x000000000000001c        0xe c:/program files/microchip/xc8/v2.32/avr/bin/../lib/gcc/avr/5.4.0/avrxmega3\libgcc.a(_exit.o)
 .stack.descriptors.hdr
                0x000000000000002a        0xe c:/program files/microchip/xc8/v2.32/avr/bin/../lib/gcc/avr/5.4.0/avrxmega3\libgcc.a(_tablejump2.o)
 .stack.descriptors.hdr
                0x0000000000000038        0xe c:/program files/microchip/xc8/v2.32/avr/bin/../lib/gcc/avr/5.4.0/avrxmega3\libgcc.a(_muluhisi3.o)
 .stack.descriptors.hdr
                0x0000000000000046        0xe c:/program files/microchip/xc8/v2.32/avr/bin/../lib/gcc/avr/5.4.0/avrxmega3\libgcc.a(_udivmodhi4.o)
 .stack.descriptors.hdr
                0x0000000000000054        0xe c:/program files/microchip/xc8/v2.32/avr/bin/../lib/gcc/avr/5.4.0/avrxmega3\libgcc.a(_umulhisi3.o)
 .stack.descriptors.hdr
                0x0000000000000062        0xe c:/program files/microchip/xc8/v2.32/avr/bin/../lib/gcc/avr/5.4.0/../../../../avr/lib/avrxmega3\libc.a(malloc.o)
 .stack.descriptors.hdr
                0x0000000000000070        0xe c:/program files/microchip/xc8/v2.32/avr/bin/../lib/gcc/avr/5.4.0/../../../../avr/lib/avrxmega3\libc.a(memcpy.o)
 .stack.descriptors.hdr
                0x000000000000007e        0xe c:/program files/microchip/xc8/v2.32/avr/bin/../lib/gcc/avr/5.4.0/../../../../avr/lib/avrxmega3\libc.a(iob.o)

.note.gnu.build-id
 *(.note.gnu.build-id)

.debug
 *(.debug)

.line
 *(.line)

.debug_srcinfo
 *(.debug_srcinfo)

.debug_sfnames
 *(.debug_sfnames)

.debug_aranges  0x0000000000000000      0x898
 *(.debug_aranges)
 .debug_aranges
                0x0000000000000000       0x88 build/default/production/mcc_generated_files/examples/twi0_master_example.o
 .debug_aranges
                0x0000000000000088       0xb8 build/default/production/mcc_generated_files/src/pin_manager.o
 .debug_aranges
                0x0000000000000140       0x20 build/default/production/mcc_generated_files/src/protected_io.o
 .debug_aranges
                0x0000000000000160       0x20 build/default/production/mcc_generated_files/src/cpuint.o
 .debug_aranges
                0x0000000000000180       0x80 build/default/production/mcc_generated_files/src/usart0.o
 .debug_aranges
                0x0000000000000200      0x1f8 build/default/production/mcc_generated_files/src/twi0_master.o
 .debug_aranges
                0x00000000000003f8       0xa8 build/default/production/mcc_generated_files/src/rtc.o
 .debug_aranges
                0x00000000000004a0       0x80 build/default/production/mcc_generated_files/src/nvmctrl.o
 .debug_aranges
                0x0000000000000520       0x18 build/default/production/mcc_generated_files/device_config.o
 .debug_aranges
                0x0000000000000538       0x48 build/default/production/mcc_generated_files/mcc.o
 .debug_aranges
                0x0000000000000580       0x60 build/default/production/mx_tcpm.o
 .debug_aranges
                0x00000000000005e0       0xe8 build/default/production/tcpci.o
 .debug_aranges
                0x00000000000006c8      0x128 build/default/production/tcpm.o
 .debug_aranges
                0x00000000000007f0       0x70 build/default/production/main.o
 .debug_aranges
                0x0000000000000860       0x38 build/default/production/mx_time.o

.debug_pubnames
 *(.debug_pubnames)

.debug_info     0x0000000000000000    0x14f6f
 *(.debug_info .gnu.linkonce.wi.*)
 .debug_info    0x0000000000000000     0x1c4d C:/Program Files/Microchip/MPLABX/v5.50/packs/Microchip/ATtiny_DFP/2.6.122/xc8/avr/lib/avrxmega3/crtattiny3217.o
 .debug_info    0x0000000000001c4d      0xe91 build/default/production/mcc_generated_files/examples/twi0_master_example.o
 .debug_info    0x0000000000002ade      0xcb2 build/default/production/mcc_generated_files/src/pin_manager.o
 .debug_info    0x0000000000003790       0xf7 build/default/production/mcc_generated_files/src/protected_io.o
 .debug_info    0x0000000000003887      0x43c build/default/production/mcc_generated_files/src/cpuint.o
 .debug_info    0x0000000000003cc3      0x7c4 build/default/production/mcc_generated_files/src/usart0.o
 .debug_info    0x0000000000004487     0x1a73 build/default/production/mcc_generated_files/src/twi0_master.o
 .debug_info    0x0000000000005efa      0x8f7 build/default/production/mcc_generated_files/src/rtc.o
 .debug_info    0x00000000000067f1      0xdf5 build/default/production/mcc_generated_files/src/nvmctrl.o
 .debug_info    0x00000000000075e6      0x870 build/default/production/mcc_generated_files/device_config.o
 .debug_info    0x0000000000007e56      0x999 build/default/production/mcc_generated_files/mcc.o
 .debug_info    0x00000000000087ef      0xfd7 build/default/production/mx_tcpm.o
 .debug_info    0x00000000000097c6     0x4447 build/default/production/tcpci.o
 .debug_info    0x000000000000dc0d     0x654e build/default/production/tcpm.o
 .debug_info    0x000000000001415b      0xa1c build/default/production/main.o
 .debug_info    0x0000000000014b77      0x3f8 build/default/production/mx_time.o

.debug_abbrev   0x0000000000000000     0x379b
 *(.debug_abbrev)
 .debug_abbrev  0x0000000000000000     0x1ac8 C:/Program Files/Microchip/MPLABX/v5.50/packs/Microchip/ATtiny_DFP/2.6.122/xc8/avr/lib/avrxmega3/crtattiny3217.o
 .debug_abbrev  0x0000000000001ac8      0x14e build/default/production/mcc_generated_files/examples/twi0_master_example.o
 .debug_abbrev  0x0000000000001c16      0x183 build/default/production/mcc_generated_files/src/pin_manager.o
 .debug_abbrev  0x0000000000001d99       0x14 build/default/production/mcc_generated_files/src/protected_io.o
 .debug_abbrev  0x0000000000001dad       0xfa build/default/production/mcc_generated_files/src/cpuint.o
 .debug_abbrev  0x0000000000001ea7      0x1e4 build/default/production/mcc_generated_files/src/usart0.o
 .debug_abbrev  0x000000000000208b      0x383 build/default/production/mcc_generated_files/src/twi0_master.o
 .debug_abbrev  0x000000000000240e      0x164 build/default/production/mcc_generated_files/src/rtc.o
 .debug_abbrev  0x0000000000002572      0x2a8 build/default/production/mcc_generated_files/src/nvmctrl.o
 .debug_abbrev  0x000000000000281a       0x97 build/default/production/mcc_generated_files/device_config.o
 .debug_abbrev  0x00000000000028b1      0x181 build/default/production/mcc_generated_files/mcc.o
 .debug_abbrev  0x0000000000002a32      0x1d0 build/default/production/mx_tcpm.o
 .debug_abbrev  0x0000000000002c02      0x3fa build/default/production/tcpci.o
 .debug_abbrev  0x0000000000002ffc      0x4a0 build/default/production/tcpm.o
 .debug_abbrev  0x000000000000349c      0x248 build/default/production/main.o
 .debug_abbrev  0x00000000000036e4       0xb7 build/default/production/mx_time.o

.debug_line     0x0000000000000000     0x5132
 *(.debug_line .debug_line.* .debug_line_end)
 .debug_line    0x0000000000000000      0x151 C:/Program Files/Microchip/MPLABX/v5.50/packs/Microchip/ATtiny_DFP/2.6.122/xc8/avr/lib/avrxmega3/crtattiny3217.o
 .debug_line    0x0000000000000151      0x422 build/default/production/mcc_generated_files/examples/twi0_master_example.o
 .debug_line    0x0000000000000573      0x43d build/default/production/mcc_generated_files/src/pin_manager.o
 .debug_line    0x00000000000009b0       0x66 build/default/production/mcc_generated_files/src/protected_io.o
 .debug_line    0x0000000000000a16      0x18a build/default/production/mcc_generated_files/src/cpuint.o
 .debug_line    0x0000000000000ba0      0x29e build/default/production/mcc_generated_files/src/usart0.o
 .debug_line    0x0000000000000e3e      0xb11 build/default/production/mcc_generated_files/src/twi0_master.o
 .debug_line    0x000000000000194f      0x370 build/default/production/mcc_generated_files/src/rtc.o
 .debug_line    0x0000000000001cbf      0x4c4 build/default/production/mcc_generated_files/src/nvmctrl.o
 .debug_line    0x0000000000002183       0xef build/default/production/mcc_generated_files/device_config.o
 .debug_line    0x0000000000002272      0x27b build/default/production/mcc_generated_files/mcc.o
 .debug_line    0x00000000000024ed      0x1c0 build/default/production/mx_tcpm.o
 .debug_line    0x00000000000026ad      0xdc0 build/default/production/tcpci.o
 .debug_line    0x000000000000346d     0x1794 build/default/production/tcpm.o
 .debug_line    0x0000000000004c01      0x40d build/default/production/main.o
 .debug_line    0x000000000000500e      0x124 build/default/production/mx_time.o

.debug_frame    0x0000000000000000     0x18a0
 *(.debug_frame)
 .debug_frame   0x0000000000000000      0x1c4 build/default/production/mcc_generated_files/examples/twi0_master_example.o
 .debug_frame   0x00000000000001c4      0x1f0 build/default/production/mcc_generated_files/src/pin_manager.o
 .debug_frame   0x00000000000003b4       0x24 build/default/production/mcc_generated_files/src/cpuint.o
 .debug_frame   0x00000000000003d8       0xe4 build/default/production/mcc_generated_files/src/usart0.o
 .debug_frame   0x00000000000004bc      0x400 build/default/production/mcc_generated_files/src/twi0_master.o
 .debug_frame   0x00000000000008bc      0x1c4 build/default/production/mcc_generated_files/src/rtc.o
 .debug_frame   0x0000000000000a80      0x14c build/default/production/mcc_generated_files/src/nvmctrl.o
 .debug_frame   0x0000000000000bcc       0x84 build/default/production/mcc_generated_files/mcc.o
 .debug_frame   0x0000000000000c50       0xa4 build/default/production/mx_tcpm.o
 .debug_frame   0x0000000000000cf4      0x510 build/default/production/tcpci.o
 .debug_frame   0x0000000000001204      0x4fc build/default/production/tcpm.o
 .debug_frame   0x0000000000001700      0x100 build/default/production/main.o
 .debug_frame   0x0000000000001800       0xa0 build/default/production/mx_time.o

.debug_str      0x0000000000000000     0x11b7
 *(.debug_str)
 .debug_str     0x0000000000000000      0xc0f C:/Program Files/Microchip/MPLABX/v5.50/packs/Microchip/ATtiny_DFP/2.6.122/xc8/avr/lib/avrxmega3/crtattiny3217.o
 .debug_str     0x0000000000000c0f       0x8b build/default/production/mcc_generated_files/examples/twi0_master_example.o
 .debug_str     0x0000000000000c9a       0x25 build/default/production/mcc_generated_files/src/pin_manager.o
 .debug_str     0x0000000000000cbf       0x13 build/default/production/mcc_generated_files/src/cpuint.o
 .debug_str     0x0000000000000cd2        0x0 build/default/production/mcc_generated_files/src/usart0.o
 .debug_str     0x0000000000000cd2        0xf build/default/production/mcc_generated_files/src/twi0_master.o
 .debug_str     0x0000000000000ce1        0x9 build/default/production/mcc_generated_files/src/rtc.o
 .debug_str     0x0000000000000cea       0x43 build/default/production/mcc_generated_files/src/nvmctrl.o
 .debug_str     0x0000000000000d2d        0x0 build/default/production/mcc_generated_files/device_config.o
 .debug_str     0x0000000000000d2d       0x94 build/default/production/mcc_generated_files/mcc.o
 .debug_str     0x0000000000000dc1       0x91 build/default/production/mx_tcpm.o
 .debug_str     0x0000000000000e52      0x136 build/default/production/tcpci.o
 .debug_str     0x0000000000000f88       0xd4 build/default/production/tcpm.o
 .debug_str     0x000000000000105c      0x15b build/default/production/main.o
 .debug_str     0x00000000000011b7        0x0 build/default/production/mx_time.o

.debug_loc      0x0000000000000000     0x62c5
 *(.debug_loc)
 .debug_loc     0x0000000000000000      0x5f7 build/default/production/mcc_generated_files/examples/twi0_master_example.o
 .debug_loc     0x00000000000005f7       0x36 build/default/production/mcc_generated_files/src/pin_manager.o
 .debug_loc     0x000000000000062d       0x2a build/default/production/mcc_generated_files/src/cpuint.o
 .debug_loc     0x0000000000000657       0x47 build/default/production/mcc_generated_files/src/usart0.o
 .debug_loc     0x000000000000069e      0x507 build/default/production/mcc_generated_files/src/twi0_master.o
 .debug_loc     0x0000000000000ba5      0x92e build/default/production/mcc_generated_files/src/nvmctrl.o
 .debug_loc     0x00000000000014d3      0x148 build/default/production/mcc_generated_files/mcc.o
 .debug_loc     0x000000000000161b      0x146 build/default/production/mx_tcpm.o
 .debug_loc     0x0000000000001761     0x2753 build/default/production/tcpci.o
 .debug_loc     0x0000000000003eb4     0x20ff build/default/production/tcpm.o
 .debug_loc     0x0000000000005fb3      0x208 build/default/production/main.o
 .debug_loc     0x00000000000061bb      0x10a build/default/production/mx_time.o

.debug_macinfo
 *(.debug_macinfo)

.debug_weaknames
 *(.debug_weaknames)

.debug_funcnames
 *(.debug_funcnames)

.debug_typenames
 *(.debug_typenames)

.debug_varnames
 *(.debug_varnames)

.debug_pubtypes
 *(.debug_pubtypes)

.debug_ranges   0x0000000000000000      0x9a8
 *(.debug_ranges)
 .debug_ranges  0x0000000000000000       0x78 build/default/production/mcc_generated_files/examples/twi0_master_example.o
 .debug_ranges  0x0000000000000078       0xa8 build/default/production/mcc_generated_files/src/pin_manager.o
 .debug_ranges  0x0000000000000120       0x10 build/default/production/mcc_generated_files/src/cpuint.o
 .debug_ranges  0x0000000000000130       0x70 build/default/production/mcc_generated_files/src/usart0.o
 .debug_ranges  0x00000000000001a0      0x1e8 build/default/production/mcc_generated_files/src/twi0_master.o
 .debug_ranges  0x0000000000000388       0x98 build/default/production/mcc_generated_files/src/rtc.o
 .debug_ranges  0x0000000000000420       0x88 build/default/production/mcc_generated_files/src/nvmctrl.o
 .debug_ranges  0x00000000000004a8       0x38 build/default/production/mcc_generated_files/mcc.o
 .debug_ranges  0x00000000000004e0       0x50 build/default/production/mx_tcpm.o
 .debug_ranges  0x0000000000000530      0x120 build/default/production/tcpci.o
 .debug_ranges  0x0000000000000650      0x2d0 build/default/production/tcpm.o
 .debug_ranges  0x0000000000000920       0x60 build/default/production/main.o
 .debug_ranges  0x0000000000000980       0x28 build/default/production/mx_time.o

.debug_macro
 *(.debug_macro)
OUTPUT(dist/default/production/MAX25432B_AtTiny3217_27W-1P_KH0201_sds0.0.2.production.elf elf32-avr)
LOAD linker stubs
LOAD data_init

.note.gnu.avr.deviceinfo
                0x0000000000000000       0x40
 .note.gnu.avr.deviceinfo
                0x0000000000000000       0x40 C:/Program Files/Microchip/MPLABX/v5.50/packs/Microchip/ATtiny_DFP/2.6.122/xc8/avr/lib/avrxmega3/crtattiny3217.o

.bss.PORTB_PB0_InterruptHandler
                0x00000000008038d5        0x2
 .bss.PORTB_PB0_InterruptHandler
                0x00000000008038d5        0x2 build/default/production/mcc_generated_files/src/pin_manager.o

.bss.PORTB_PB1_InterruptHandler
                0x00000000008038d7        0x2
 .bss.PORTB_PB1_InterruptHandler
                0x00000000008038d7        0x2 build/default/production/mcc_generated_files/src/pin_manager.o

.bss.PORTC_IO_PC2_InterruptHandler
                0x00000000008038d9        0x2
 .bss.PORTC_IO_PC2_InterruptHandler
                0x00000000008038d9        0x2 build/default/production/mcc_generated_files/src/pin_manager.o

.bss.PORTC_IO_M_SW_InterruptHandler
                0x00000000008038db        0x2
 .bss.PORTC_IO_M_SW_InterruptHandler
                0x00000000008038db        0x2 build/default/production/mcc_generated_files/src/pin_manager.o

.bss.PORTB_PB2_InterruptHandler
                0x00000000008038dd        0x2
 .bss.PORTB_PB2_InterruptHandler
                0x00000000008038dd        0x2 build/default/production/mcc_generated_files/src/pin_manager.o

.bss.PORTC_IO_DLED_InterruptHandler
                0x00000000008038df        0x2
 .bss.PORTC_IO_DLED_InterruptHandler
                0x00000000008038df        0x2 build/default/production/mcc_generated_files/src/pin_manager.o

.bss.PORTB_PB3_InterruptHandler
                0x00000000008038e1        0x2
 .bss.PORTB_PB3_InterruptHandler
                0x00000000008038e1        0x2 build/default/production/mcc_generated_files/src/pin_manager.o

.bss.PORTC_IO_CLED_InterruptHandler
                0x00000000008038e3        0x2
 .bss.PORTC_IO_CLED_InterruptHandler
                0x00000000008038e3        0x2 build/default/production/mcc_generated_files/src/pin_manager.o

.bss.I2C0_status
                0x0000000000803878       0x24
 .bss.I2C0_status
                0x0000000000803878       0x24 build/default/production/mcc_generated_files/src/twi0_master.o
                0x0000000000803878                I2C0_status

.bss.RTC_PIT_isr_cb
                0x00000000008038e5        0x2
 .bss.RTC_PIT_isr_cb
                0x00000000008038e5        0x2 build/default/production/mcc_generated_files/src/rtc.o
                0x00000000008038e5                RTC_PIT_isr_cb

.bss.RTC_CMP_isr_cb
                0x00000000008038e7        0x2
 .bss.RTC_CMP_isr_cb
                0x00000000008038e7        0x2 build/default/production/mcc_generated_files/src/rtc.o
                0x00000000008038e7                RTC_CMP_isr_cb

.bss.RTC_OVF_isr_cb
                0x00000000008038e9        0x2
 .bss.RTC_OVF_isr_cb
                0x00000000008038e9        0x2 build/default/production/mcc_generated_files/src/rtc.o
                0x00000000008038e9                RTC_OVF_isr_cb

.bss.tcpm_initialized
                0x00000000008038f7        0x1
 .bss.tcpm_initialized
                0x00000000008038f7        0x1 build/default/production/mx_tcpm.o

.bss.general_setup_reg
                0x00000000008038fa        0x1
 .bss.general_setup_reg
                0x00000000008038fa        0x1 build/default/production/tcpci.o
                0x00000000008038fa                general_setup_reg

.bss.port_index
                0x00000000008038fc        0x1
 .bss.port_index
                0x00000000008038fc        0x1 build/default/production/tcpm.o
                0x00000000008038fc                port_index

.bss.int_en     0x00000000008038fd        0x1
 .bss.int_en    0x00000000008038fd        0x1 build/default/production/main.o
                0x00000000008038fd                int_en

.bss.eep_cnt    0x00000000008038ed        0x2
 .bss.eep_cnt   0x00000000008038ed        0x2 build/default/production/main.o

.bss.sw_cnt     0x00000000008038ef        0x2
 .bss.sw_cnt    0x00000000008038ef        0x2 build/default/production/main.o

.bss.now_eep    0x00000000008038f1        0x2
 .bss.now_eep   0x00000000008038f1        0x2 build/default/production/main.o
                0x00000000008038f1                now_eep

.bss.now_sw     0x00000000008038f3        0x2
 .bss.now_sw    0x00000000008038f3        0x2 build/default/production/main.o
                0x00000000008038f3                now_sw

.bss.pre_sw     0x00000000008038f5        0x2
 .bss.pre_sw    0x00000000008038f5        0x2 build/default/production/main.o
                0x00000000008038f5                pre_sw

.bss.jiffies    0x00000000008038d1        0x4
 .bss.jiffies   0x00000000008038d1        0x4 build/default/production/mx_time.o

.text.tcpm_state_machine_work
                0x00000000000003f6      0xe72
 .text.tcpm_state_machine_work
                0x00000000000003f6      0xe72 build/default/production/tcpm.o
                0x00000000000003f6                tcpm_state_machine_work

.text.tcpm_pd_event_handler_mx
                0x0000000000001268      0xaba
 .text.tcpm_pd_event_handler_mx
                0x0000000000001268      0xaba build/default/production/tcpm.o
                0x0000000000001268                tcpm_pd_event_handler_mx

.text.tcpci_irq
                0x0000000000001d22      0x400
 .text.tcpci_irq
                0x0000000000001d22      0x400 build/default/production/tcpci.o
                0x0000000000001d22                tcpci_irq

.text.tcpci_set_vbus
                0x0000000000002122      0x3b4
 .text.tcpci_set_vbus
                0x0000000000002122      0x3b4 build/default/production/tcpci.o

.text.tcpci_init
                0x00000000000024d6      0x2ae
 .text.tcpci_init
                0x00000000000024d6      0x2ae build/default/production/tcpci.o

.text.tcpm_send_queued_message
                0x0000000000002784      0x25e
 .text.tcpm_send_queued_message
                0x0000000000002784      0x25e build/default/production/tcpm.o

.text.avrlibc   0x00000000000029e2      0x242
 .text.avrlibc  0x00000000000029e2      0x242 c:/program files/microchip/xc8/v2.32/avr/bin/../lib/gcc/avr/5.4.0/../../../../avr/lib/avrxmega3\libc.a(malloc.o)
                0x00000000000029e2                malloc
                0x0000000000002b12                free

.text.tcpci_set_vbus_hv
                0x0000000000002c24      0x1e6
 .text.tcpci_set_vbus_hv
                0x0000000000002c24      0x1e6 build/default/production/tcpci.o

.text._tcpm_cc_change
                0x0000000000002e0a      0x1c2
 .text._tcpm_cc_change
                0x0000000000002e0a      0x1c2 build/default/production/tcpm.o

.text.tcpm_pd_send_source_caps
                0x0000000000002fcc      0x1b0
 .text.tcpm_pd_send_source_caps
                0x0000000000002fcc      0x1b0 build/default/production/tcpm.o

.text.enable_vbus_alarms
                0x000000000000317c      0x19e
 .text.enable_vbus_alarms
                0x000000000000317c      0x19e build/default/production/tcpci.o
                0x000000000000317c                enable_vbus_alarms

.text.tcpm_register_port
                0x000000000000331a      0x194
 .text.tcpm_register_port
                0x000000000000331a      0x194 build/default/production/tcpm.o
                0x000000000000331a                tcpm_register_port

.text.tcpm_pd_transmit
                0x00000000000034ae      0x130
 .text.tcpm_pd_transmit
                0x00000000000034ae      0x130 build/default/production/tcpm.o

.text.m_switch_check
                0x00000000000035de      0x12c
 .text.m_switch_check
                0x00000000000035de      0x12c build/default/production/main.o
                0x00000000000035de                m_switch_check

.text.disable_vbus_alarms
                0x000000000000370a       0xf2
 .text.disable_vbus_alarms
                0x000000000000370a       0xf2 build/default/production/tcpci.o
                0x000000000000370a                disable_vbus_alarms

.text.PIN_MANAGER_Initialize
                0x00000000000037fc       0xec
 .text.PIN_MANAGER_Initialize
                0x00000000000037fc       0xec build/default/production/mcc_generated_files/src/pin_manager.o
                0x00000000000037fc                PIN_MANAGER_Initialize

.text.tcpci_pd_transmit
                0x00000000000038e8       0xe0
 .text.tcpci_pd_transmit
                0x00000000000038e8       0xe0 build/default/production/tcpci.o

.text.set_rp    0x00000000000039c8       0xc2
 .text.set_rp   0x00000000000039c8       0xc2 build/default/production/tcpci.o
                0x00000000000039c8                set_rp

.text.tcpm_init
                0x0000000000003a8a       0xc2
 .text.tcpm_init
                0x0000000000003a8a       0xc2 build/default/production/tcpm.o

.text.tcpm_rp_cc
                0x0000000000003b4c       0xb8
 .text.tcpm_rp_cc
                0x0000000000003b4c       0xb8 build/default/production/tcpm.o

.text.tcpm_set_state
                0x0000000000003c04       0xb6
 .text.tcpm_set_state
                0x0000000000003c04       0xb6 build/default/production/tcpm.o

.text.get_ms_clk
                0x0000000000003cba       0xb6
 .text.get_ms_clk
                0x0000000000003cba       0xb6 build/default/production/mx_time.o
                0x0000000000003cba                get_ms_clk

.text.tcpci_register_port
                0x0000000000003d70       0xb2
 .text.tcpci_register_port
                0x0000000000003d70       0xb2 build/default/production/tcpci.o
                0x0000000000003d70                tcpci_register_port

.text.tcpm_reset_port
                0x0000000000003e22       0xb0
 .text.tcpm_reset_port
                0x0000000000003e22       0xb0 build/default/production/tcpm.o

.text.tcpm_pd_send_control
                0x0000000000003ed2       0xae
 .text.tcpm_pd_send_control
                0x0000000000003ed2       0xae build/default/production/tcpm.o

.text.tcpci_set_pd_rx
                0x0000000000003f80       0xa6
 .text.tcpci_set_pd_rx
                0x0000000000003f80       0xa6 build/default/production/tcpci.o

.text.I2C0_DO_RX
                0x0000000000004026       0xa0
 .text.I2C0_DO_RX
                0x0000000000004026       0xa0 build/default/production/mcc_generated_files/src/twi0_master.o

.text.tcpci_get_cc
                0x00000000000040c6       0x9a
 .text.tcpci_get_cc
                0x00000000000040c6       0x9a build/default/production/tcpci.o

.text.tcpci_switch_init
                0x0000000000004160       0x92
 .text.tcpci_switch_init
                0x0000000000004160       0x92 build/default/production/tcpci.o
                0x0000000000004160                tcpci_switch_init

.text.tcpci_set_vconn
                0x00000000000041f2       0x88
 .text.tcpci_set_vconn
                0x00000000000041f2       0x88 build/default/production/tcpci.o

.text.__vector_4
                0x000000000000427a       0x80
 .text.__vector_4
                0x000000000000427a       0x80 build/default/production/mcc_generated_files/src/pin_manager.o
                0x000000000000427a                __vector_4

.text.__vector_5
                0x00000000000042fa       0x80
 .text.__vector_5
                0x00000000000042fa       0x80 build/default/production/mcc_generated_files/src/pin_manager.o
                0x00000000000042fa                __vector_5

.text.tcpci_set_bist_test_mode
                0x000000000000437a       0x80
 .text.tcpci_set_bist_test_mode
                0x000000000000437a       0x80 build/default/production/tcpci.o

.text.tcpci_set_cc
                0x00000000000043fa       0x7e
 .text.tcpci_set_cc
                0x00000000000043fa       0x7e build/default/production/tcpci.o

.text.I2C0_DO_TX_EMPTY
                0x0000000000004478       0x7c
 .text.I2C0_DO_TX_EMPTY
                0x0000000000004478       0x7c build/default/production/mcc_generated_files/src/twi0_master.o

.text.__vector_6
                0x00000000000044f4       0x76
 .text.__vector_6
                0x00000000000044f4       0x76 build/default/production/mcc_generated_files/src/rtc.o
                0x00000000000044f4                __vector_6

.text.I2C0_DO_TX
                0x000000000000456a       0x70
 .text.I2C0_DO_TX
                0x000000000000456a       0x70 build/default/production/mcc_generated_files/src/twi0_master.o

.text.I2C0_Open
                0x00000000000045da       0x68
 .text.I2C0_Open
                0x00000000000045da       0x68 build/default/production/mcc_generated_files/src/twi0_master.o
                0x00000000000045da                I2C0_Open

.text.I2C0_example_readDataBlock
                0x0000000000004642       0x66
 .text.I2C0_example_readDataBlock
                0x0000000000004642       0x66 build/default/production/mcc_generated_files/examples/twi0_master_example.o
                0x0000000000004642                I2C0_example_readDataBlock

.text.I2C0_example_writeDataBlock
                0x00000000000046a8       0x66
 .text.I2C0_example_writeDataBlock
                0x00000000000046a8       0x66 build/default/production/mcc_generated_files/examples/twi0_master_example.o
                0x00000000000046a8                I2C0_example_writeDataBlock

.text.I2C0_MasterIsr
                0x000000000000470e       0x5a
 .text.I2C0_MasterIsr
                0x000000000000470e       0x5a build/default/production/mcc_generated_files/src/twi0_master.o

.text.__vector_7
                0x0000000000004768       0x58
 .text.__vector_7
                0x0000000000004768       0x58 build/default/production/mcc_generated_files/src/rtc.o
                0x0000000000004768                __vector_7

.text.m_sw_init
                0x00000000000047c0       0x58
 .text.m_sw_init
                0x00000000000047c0       0x58 build/default/production/main.o
                0x00000000000047c0                m_sw_init

.text.tcpci_set_roles
                0x0000000000004818       0x56
 .text.tcpci_set_roles
                0x0000000000004818       0x56 build/default/production/tcpci.o

.text.set_slp   0x000000000000486e       0x54
 .text.set_slp  0x000000000000486e       0x54 build/default/production/tcpci.o
                0x000000000000486e                set_slp

.text.usleep_range
                0x00000000000048c2       0x54
 .text.usleep_range
                0x00000000000048c2       0x54 build/default/production/mx_time.o
                0x00000000000048c2                usleep_range

.text.mdelay    0x0000000000004916       0x52
 .text.mdelay   0x0000000000004916       0x52 build/default/production/mx_time.o
                0x0000000000004916                mdelay

.text.tcpci_read16
                0x0000000000004968       0x50
 .text.tcpci_read16
                0x0000000000004968       0x50 build/default/production/tcpci.o

.text.tcpci_set_polarity
                0x00000000000049b8       0x50
 .text.tcpci_set_polarity
                0x00000000000049b8       0x50 build/default/production/tcpci.o

.text.set_ilim  0x0000000000004a08       0x4e
 .text.set_ilim
                0x0000000000004a08       0x4e build/default/production/tcpci.o
                0x0000000000004a08                set_ilim

.text.main      0x0000000000004a56       0x4e
 .text.main     0x0000000000004a56       0x4e build/default/production/main.o
                0x0000000000004a56                main

.text.CLKCTRL_Initialize
                0x0000000000004aa4       0x4c
 .text.CLKCTRL_Initialize
                0x0000000000004aa4       0x4c build/default/production/mcc_generated_files/mcc.o
                0x0000000000004aa4                CLKCTRL_Initialize

.text.tcpm_set_vbus
                0x0000000000004af0       0x4c
 .text.tcpm_set_vbus
                0x0000000000004af0       0x4c build/default/production/tcpm.o

.text.I2C0_set_callback
                0x0000000000004b3c       0x4a
 .text.I2C0_set_callback
                0x0000000000004b3c       0x4a build/default/production/mcc_generated_files/src/twi0_master.o

.text.tcpm_default_state
                0x0000000000004b86       0x4a
 .text.tcpm_default_state
                0x0000000000004b86       0x4a build/default/production/tcpm.o

.text.I2C0_Close
                0x0000000000004bd0       0x48
 .text.I2C0_Close
                0x0000000000004bd0       0x48 build/default/production/mcc_generated_files/src/twi0_master.o
                0x0000000000004bd0                I2C0_Close

.text.tcpm_copy_pdos
                0x0000000000004c18       0x46
 .text.tcpm_copy_pdos
                0x0000000000004c18       0x46 build/default/production/tcpm.o

.text.I2C0_DO_ADDRESS_NACK
                0x0000000000004c5e       0x44
 .text.I2C0_DO_ADDRESS_NACK
                0x0000000000004c5e       0x44 build/default/production/mcc_generated_files/src/twi0_master.o

.text.tcpm_port_is_disconnected
                0x0000000000004ca2       0x44
 .text.tcpm_port_is_disconnected
                0x0000000000004ca2       0x44 build/default/production/tcpm.o

.text.libgcc.div
                0x0000000000004ce6       0x44
 .text.libgcc.div
                0x0000000000004ce6       0x44 c:/program files/microchip/xc8/v2.32/avr/bin/../lib/gcc/avr/5.4.0/avrxmega3\libgcc.a(_udivmodsi4.o)
                0x0000000000004ce6                __udivmodsi4

.text.RTC_Initialize
                0x0000000000004d2a       0x42
 .text.RTC_Initialize
                0x0000000000004d2a       0x42 build/default/production/mcc_generated_files/src/rtc.o
                0x0000000000004d2a                RTC_Initialize

.text.tcpci_get_vbus
                0x0000000000004d6c       0x40
 .text.tcpci_get_vbus
                0x0000000000004d6c       0x40 build/default/production/tcpci.o

.text.I2C0_DO_BUS_COLLISION
                0x0000000000004dac       0x3e
 .text.I2C0_DO_BUS_COLLISION
                0x0000000000004dac       0x3e build/default/production/mcc_generated_files/src/twi0_master.o

.text.FLASH_WriteEepromByte
                0x0000000000004dea       0x3a
 .text.FLASH_WriteEepromByte
                0x0000000000004dea       0x3a build/default/production/mcc_generated_files/src/nvmctrl.o
                0x0000000000004dea                FLASH_WriteEepromByte

.text.PORT_Initialize
                0x0000000000004e24       0x38
 .text.PORT_Initialize
                0x0000000000004e24       0x38 build/default/production/mcc_generated_files/src/pin_manager.o
                0x0000000000004e24                PORT_Initialize

.text.tcpci_to_typec_cc
                0x0000000000004e5c       0x38
 .text.tcpci_to_typec_cc
                0x0000000000004e5c       0x38 build/default/production/tcpci.o

.text.tcpci_write16
                0x0000000000004e94       0x38
 .text.tcpci_write16
                0x0000000000004e94       0x38 build/default/production/tcpci.o

.text.I2C0_MasterOperation
                0x0000000000004ecc       0x32
 .text.I2C0_MasterOperation
                0x0000000000004ecc       0x32 build/default/production/mcc_generated_files/src/twi0_master.o
                0x0000000000004ecc                I2C0_MasterOperation

.text.tcpm_pd_receive
                0x0000000000004efe       0x32
 .text.tcpm_pd_receive
                0x0000000000004efe       0x32 build/default/production/tcpm.o
                0x0000000000004efe                tcpm_pd_receive

.text.reg_write_bytes
                0x0000000000004f30       0x2e
 .text.reg_write_bytes
                0x0000000000004f30       0x2e build/default/production/main.o
                0x0000000000004f30                reg_write_bytes

.text.reg_read_bytes
                0x0000000000004f5e       0x2e
 .text.reg_read_bytes
                0x0000000000004f5e       0x2e build/default/production/main.o
                0x0000000000004f5e                reg_read_bytes

.text.USART0_Initialize
                0x0000000000004f8c       0x2c
 .text.USART0_Initialize
                0x0000000000004f8c       0x2c build/default/production/mcc_generated_files/src/usart0.o
                0x0000000000004f8c                USART0_Initialize

.text.mx_tcpm_init
                0x0000000000004fb8       0x2c
 .text.mx_tcpm_init
                0x0000000000004fb8       0x2c build/default/production/mx_tcpm.o
                0x0000000000004fb8                mx_tcpm_init

.text.tcpm_detach
                0x0000000000004fe4       0x2c
 .text.tcpm_detach
                0x0000000000004fe4       0x2c build/default/production/tcpm.o

.text.tcpm_set_state_cond
                0x0000000000005010       0x2c
 .text.tcpm_set_state_cond
                0x0000000000005010       0x2c build/default/production/tcpm.o

.text.tcpm_set_vconn
                0x000000000000503c       0x28
 .text.tcpm_set_vconn
                0x000000000000503c       0x28 build/default/production/tcpm.o

.text.increment_ms_clk
                0x0000000000005064       0x28
 .text.increment_ms_clk
                0x0000000000005064       0x28 build/default/production/mx_time.o
                0x0000000000005064                increment_ms_clk

.text.libgcc.div
                0x000000000000508c       0x28
 .text.libgcc.div
                0x000000000000508c       0x28 c:/program files/microchip/xc8/v2.32/avr/bin/../lib/gcc/avr/5.4.0/avrxmega3\libgcc.a(_divmodhi4.o)
                0x000000000000508c                _div
                0x000000000000508c                __divmodhi4

.text.libgcc.div
                0x00000000000050b4       0x28
 .text.libgcc.div
                0x00000000000050b4       0x28 c:/program files/microchip/xc8/v2.32/avr/bin/../lib/gcc/avr/5.4.0/avrxmega3\libgcc.a(_udivmodhi4.o)
                0x00000000000050b4                __udivmodhi4

.text.SYSTEM_Initialize
                0x00000000000050dc       0x26
 .text.SYSTEM_Initialize
                0x00000000000050dc       0x26 build/default/production/mcc_generated_files/mcc.o
                0x00000000000050dc                SYSTEM_Initialize

.text.tcpm_set_attached_state
                0x0000000000005102       0x26
 .text.tcpm_set_attached_state
                0x0000000000005102       0x26 build/default/production/tcpm.o

.text.I2C0_Poller
                0x0000000000005128       0x24
 .text.I2C0_Poller
                0x0000000000005128       0x24 build/default/production/mcc_generated_files/src/twi0_master.o
                0x0000000000005128                I2C0_Poller

.text.I2C0_SetBuffer
                0x000000000000514c       0x22
 .text.I2C0_SetBuffer
                0x000000000000514c       0x22 build/default/production/mcc_generated_files/src/twi0_master.o
                0x000000000000514c                I2C0_SetBuffer

.text.tcpm_set_roles
                0x000000000000516e       0x22
 .text.tcpm_set_roles
                0x000000000000516e       0x22 build/default/production/tcpm.o

.text.alertb_handler
                0x0000000000005190       0x20
 .text.alertb_handler
                0x0000000000005190       0x20 build/default/production/main.o
                0x0000000000005190                alertb_handler

.text.rdBlkRegCompleteHandler_example
                0x00000000000051b0       0x1e
 .text.rdBlkRegCompleteHandler_example
                0x00000000000051b0       0x1e build/default/production/mcc_generated_files/examples/twi0_master_example.o

.text.wrBlkRegCompleteHandler_example
                0x00000000000051ce       0x1e
 .text.wrBlkRegCompleteHandler_example
                0x00000000000051ce       0x1e build/default/production/mcc_generated_files/examples/twi0_master_example.o

.text.__vector_30
                0x00000000000051ec       0x1e
 .text.__vector_30
                0x00000000000051ec       0x1e build/default/production/mcc_generated_files/src/nvmctrl.o
                0x00000000000051ec                __vector_30

.text.__vector_2
                0x000000000000520a       0x1e
 .text.__vector_2
                0x000000000000520a       0x1e build/default/production/mcc_generated_files/mcc.o
                0x000000000000520a                __vector_2

.text.tcpm_set_cc
                0x0000000000005228       0x1e
 .text.tcpm_set_cc
                0x0000000000005228       0x1e build/default/production/tcpm.o

.text.libgcc.mul
                0x0000000000005246       0x1e
 .text.libgcc.mul
                0x0000000000005246       0x1e c:/program files/microchip/xc8/v2.32/avr/bin/../lib/gcc/avr/5.4.0/avrxmega3\libgcc.a(_umulhisi3.o)
                0x0000000000005246                __umulhisi3

.text.CPUINT_Initialize
                0x0000000000005264       0x1a
 .text.CPUINT_Initialize
                0x0000000000005264       0x1a build/default/production/mcc_generated_files/src/cpuint.o
                0x0000000000005264                CPUINT_Initialize

.text.I2C0_DO_SEND_ADR_READ
                0x000000000000527e       0x1a
 .text.I2C0_DO_SEND_ADR_READ
                0x000000000000527e       0x1a build/default/production/mcc_generated_files/src/twi0_master.o

.text.I2C0_Initialize
                0x0000000000005298       0x1a
 .text.I2C0_Initialize
                0x0000000000005298       0x1a build/default/production/mcc_generated_files/src/twi0_master.o
                0x0000000000005298                I2C0_Initialize

.text.I2C0_DO_RX_NACK_STOP
                0x00000000000052b2       0x1a
 .text.I2C0_DO_RX_NACK_STOP
                0x00000000000052b2       0x1a build/default/production/mcc_generated_files/src/twi0_master.o

.text.mx_tcpm_work
                0x00000000000052cc       0x1a
 .text.mx_tcpm_work
                0x00000000000052cc       0x1a build/default/production/mx_tcpm.o
                0x00000000000052cc                mx_tcpm_work

.text.tcpm_cc_change
                0x00000000000052e6       0x1a
 .text.tcpm_cc_change
                0x00000000000052e6       0x1a build/default/production/tcpm.o
                0x00000000000052e6                tcpm_cc_change

.text.tcpm_vbus_change
                0x0000000000005300       0x1a
 .text.tcpm_vbus_change
                0x0000000000005300       0x1a build/default/production/tcpm.o
                0x0000000000005300                tcpm_vbus_change

.text.tcpm_pd_hard_reset
                0x000000000000531a       0x1a
 .text.tcpm_pd_hard_reset
                0x000000000000531a       0x1a build/default/production/tcpm.o
                0x000000000000531a                tcpm_pd_hard_reset

.text.I2C0_DO_SEND_ADR_WRITE
                0x0000000000005334       0x18
 .text.I2C0_DO_SEND_ADR_WRITE
                0x0000000000005334       0x18 build/default/production/mcc_generated_files/src/twi0_master.o

.text.I2C0_DO_BUS_ERROR
                0x000000000000534c       0x18
 .text.I2C0_DO_BUS_ERROR
                0x000000000000534c       0x18 build/default/production/mcc_generated_files/src/twi0_master.o

.text.BOD_Initialize
                0x0000000000005364       0x18
 .text.BOD_Initialize
                0x0000000000005364       0x18 build/default/production/mcc_generated_files/mcc.o
                0x0000000000005364                BOD_Initialize

.text.tcpm_pd_disable
                0x000000000000537c       0x18
 .text.tcpm_pd_disable
                0x000000000000537c       0x18 build/default/production/tcpm.o
                0x000000000000537c                tcpm_pd_disable

.text.I2C0_DO_RESET
                0x0000000000005394       0x16
 .text.I2C0_DO_RESET
                0x0000000000005394       0x16 build/default/production/mcc_generated_files/src/twi0_master.o

.text.I2C0_DO_SEND_STOP
                0x00000000000053aa       0x16
 .text.I2C0_DO_SEND_STOP
                0x00000000000053aa       0x16 build/default/production/mcc_generated_files/src/twi0_master.o

.text.mx_tcpm_irq
                0x00000000000053c0       0x16
 .text.mx_tcpm_irq
                0x00000000000053c0       0x16 build/default/production/mx_tcpm.o
                0x00000000000053c0                mx_tcpm_irq

.text.libgcc.mul
                0x00000000000053d6       0x16
 .text.libgcc.mul
                0x00000000000053d6       0x16 c:/program files/microchip/xc8/v2.32/avr/bin/../lib/gcc/avr/5.4.0/avrxmega3\libgcc.a(_muluhisi3.o)
                0x00000000000053d6                __muluhisi3

.text.I2C0_DO_IDLE
                0x00000000000053ec       0x12
 .text.I2C0_DO_IDLE
                0x00000000000053ec       0x12 build/default/production/mcc_generated_files/src/twi0_master.o

.text.I2C0_MasterResetBus
                0x00000000000053fe       0x12
 .text.I2C0_MasterResetBus
                0x00000000000053fe       0x12 build/default/production/mcc_generated_files/src/twi0_master.o
                0x00000000000053fe                I2C0_MasterResetBus

.text.I2C0_MasterWaitForEvent
                0x0000000000005410       0x12
 .text.I2C0_MasterWaitForEvent
                0x0000000000005410       0x12 build/default/production/mcc_generated_files/src/twi0_master.o
                0x0000000000005410                I2C0_MasterWaitForEvent

.text.avrlibc   0x0000000000005422       0x12
 .text.avrlibc  0x0000000000005422       0x12 c:/program files/microchip/xc8/v2.32/avr/bin/../lib/gcc/avr/5.4.0/../../../../avr/lib/avrxmega3\libc.a(memcpy.o)
                0x0000000000005422                memcpy

.text.USART0_Write
                0x0000000000005434       0x10
 .text.USART0_Write
                0x0000000000005434       0x10 build/default/production/mcc_generated_files/src/usart0.o
                0x0000000000005434                USART0_Write

.text.SLPCTRL_Initialize
                0x0000000000005444       0x10
 .text.SLPCTRL_Initialize
                0x0000000000005444       0x10 build/default/production/mcc_generated_files/mcc.o
                0x0000000000005444                SLPCTRL_Initialize

.text.mx_reg_read_bytes
                0x0000000000005454       0x10
 .text.mx_reg_read_bytes
                0x0000000000005454       0x10 build/default/production/mx_tcpm.o
                0x0000000000005454                mx_reg_read_bytes

.text.mx_reg_write_bytes
                0x0000000000005464       0x10
 .text.mx_reg_write_bytes
                0x0000000000005464       0x10 build/default/production/mx_tcpm.o
                0x0000000000005464                mx_reg_write_bytes

.text.tcpm_pd_transmit_complete
                0x0000000000005474       0x10
 .text.tcpm_pd_transmit_complete
                0x0000000000005474       0x10 build/default/production/tcpm.o
                0x0000000000005474                tcpm_pd_transmit_complete

.text.mx_tcpm_reinit
                0x0000000000005484        0xe
 .text.mx_tcpm_reinit
                0x0000000000005484        0xe build/default/production/mx_tcpm.o
                0x0000000000005484                mx_tcpm_reinit

.text.I2C0_SetDataCompleteCallback
                0x0000000000005492        0xc
 .text.I2C0_SetDataCompleteCallback
                0x0000000000005492        0xc build/default/production/mcc_generated_files/src/twi0_master.o
                0x0000000000005492                I2C0_SetDataCompleteCallback

.text.I2C0_SetAddressNackCallback
                0x000000000000549e        0xc
 .text.I2C0_SetAddressNackCallback
                0x000000000000549e        0xc build/default/production/mcc_generated_files/src/twi0_master.o
                0x000000000000549e                I2C0_SetAddressNackCallback

.text.I2C0_MasterDisableIrq
                0x00000000000054aa        0xc
 .text.I2C0_MasterDisableIrq
                0x00000000000054aa        0xc build/default/production/mcc_generated_files/src/twi0_master.o
                0x00000000000054aa                I2C0_MasterDisableIrq

.text.I2C0_MasterClearIrq
                0x00000000000054b6        0xc
 .text.I2C0_MasterClearIrq
                0x00000000000054b6        0xc build/default/production/mcc_generated_files/src/twi0_master.o
                0x00000000000054b6                I2C0_MasterClearIrq

.text.I2C0_MasterBusErrorOverride
                0x00000000000054c2        0xc
 .text.I2C0_MasterBusErrorOverride
                0x00000000000054c2        0xc build/default/production/mcc_generated_files/src/twi0_master.o
                0x00000000000054c2                I2C0_MasterBusErrorOverride

.text.I2C0_MasterArbitrationlostOverride
                0x00000000000054ce        0xc
 .text.I2C0_MasterArbitrationlostOverride
                0x00000000000054ce        0xc build/default/production/mcc_generated_files/src/twi0_master.o
                0x00000000000054ce                I2C0_MasterArbitrationlostOverride

.text.I2C0_MasterIsRxOrTx
                0x00000000000054da        0xc
 .text.I2C0_MasterIsRxOrTx
                0x00000000000054da        0xc build/default/production/mcc_generated_files/src/twi0_master.o
                0x00000000000054da                I2C0_MasterIsRxOrTx

.text.I2C0_MasterClearBusCollision
                0x00000000000054e6        0xc
 .text.I2C0_MasterClearBusCollision
                0x00000000000054e6        0xc build/default/production/mcc_generated_files/src/twi0_master.o
                0x00000000000054e6                I2C0_MasterClearBusCollision

.text.I2C0_MasterStop
                0x00000000000054f2        0xc
 .text.I2C0_MasterStop
                0x00000000000054f2        0xc build/default/production/mcc_generated_files/src/twi0_master.o
                0x00000000000054f2                I2C0_MasterStop

.text.I2C0_MasterSendAck
                0x00000000000054fe        0xc
 .text.I2C0_MasterSendAck
                0x00000000000054fe        0xc build/default/production/mcc_generated_files/src/twi0_master.o
                0x00000000000054fe                I2C0_MasterSendAck

.text.I2C0_MasterSendNack
                0x000000000000550a        0xc
 .text.I2C0_MasterSendNack
                0x000000000000550a        0xc build/default/production/mcc_generated_files/src/twi0_master.o
                0x000000000000550a                I2C0_MasterSendNack

.text.RTC_EnablePITInterrupt
                0x0000000000005516        0xc
 .text.RTC_EnablePITInterrupt
                0x0000000000005516        0xc build/default/production/mcc_generated_files/src/rtc.o
                0x0000000000005516                RTC_EnablePITInterrupt

.text.FLASH_Initialize
                0x0000000000005522        0xc
 .text.FLASH_Initialize
                0x0000000000005522        0xc build/default/production/mcc_generated_files/src/nvmctrl.o
                0x0000000000005522                FLASH_Initialize

.text.libgcc    0x000000000000552e        0xc
 .text.libgcc   0x000000000000552e        0xc c:/program files/microchip/xc8/v2.32/avr/bin/../lib/gcc/avr/5.4.0/avrxmega3\libgcc.a(_tablejump2.o)
                0x000000000000552e                __tablejump2__

.text.PORTC_IO_PC2_SetInterruptHandler
                0x000000000000553a        0xa
 .text.PORTC_IO_PC2_SetInterruptHandler
                0x000000000000553a        0xa build/default/production/mcc_generated_files/src/pin_manager.o
                0x000000000000553a                PORTC_IO_PC2_SetInterruptHandler

.text.USART0_printCHAR
                0x0000000000005544        0xa
 .text.USART0_printCHAR
                0x0000000000005544        0xa build/default/production/mcc_generated_files/src/usart0.o
                0x0000000000005544                USART0_printCHAR

.text.I2C0_MasterIsNack
                0x000000000000554e        0xa
 .text.I2C0_MasterIsNack
                0x000000000000554e        0xa build/default/production/mcc_generated_files/src/twi0_master.o
                0x000000000000554e                I2C0_MasterIsNack

.text.RTC_SetPITIsrCallback
                0x0000000000005558        0xa
 .text.RTC_SetPITIsrCallback
                0x0000000000005558        0xa build/default/production/mcc_generated_files/src/rtc.o
                0x0000000000005558                RTC_SetPITIsrCallback

.text.tcpm_pd_set_cl_cv_status
                0x0000000000005562        0xa
 .text.tcpm_pd_set_cl_cv_status
                0x0000000000005562        0xa build/default/production/tcpm.o
                0x0000000000005562                tcpm_pd_set_cl_cv_status

.text.user_periodic_timer_ms_interrupt
                0x000000000000556c        0xa
 .text.user_periodic_timer_ms_interrupt
                0x000000000000556c        0xa build/default/production/main.o
                0x000000000000556c                user_periodic_timer_ms_interrupt

.text.protected_write_io
                0x0000000000005576        0x8
 .text.protected_write_io
                0x0000000000005576        0x8 build/default/production/mcc_generated_files/src/protected_io.o
                0x0000000000005576                protected_write_io

.text.I2C0_MasterWrite
                0x000000000000557e        0x8
 .text.I2C0_MasterWrite
                0x000000000000557e        0x8 build/default/production/mcc_generated_files/src/twi0_master.o
                0x000000000000557e                I2C0_MasterWrite

.text.I2C0_DO_TX_ACK
                0x0000000000005586        0x8
 .text.I2C0_DO_TX_ACK
                0x0000000000005586        0x8 build/default/production/mcc_generated_files/src/twi0_master.o

.text.I2C0_DO_RX_ACK
                0x000000000000558e        0x8
 .text.I2C0_DO_RX_ACK
                0x000000000000558e        0x8 build/default/production/mcc_generated_files/src/twi0_master.o

.text.I2C0_DO_RX_NACK_RESTART
                0x0000000000005596        0x8
 .text.I2C0_DO_RX_NACK_RESTART
                0x0000000000005596        0x8 build/default/production/mcc_generated_files/src/twi0_master.o

.text.FLASH_ReadEepromByte
                0x000000000000559e        0x8
 .text.FLASH_ReadEepromByte
                0x000000000000559e        0x8 build/default/production/mcc_generated_files/src/nvmctrl.o
                0x000000000000559e                FLASH_ReadEepromByte

.text.I2C0_DO_SEND_RESTART
                0x00000000000055a6        0x6
 .text.I2C0_DO_SEND_RESTART
                0x00000000000055a6        0x6 build/default/production/mcc_generated_files/src/twi0_master.o

.text.I2C0_DO_SEND_RESTART_READ
                0x00000000000055ac        0x6
 .text.I2C0_DO_SEND_RESTART_READ
                0x00000000000055ac        0x6 build/default/production/mcc_generated_files/src/twi0_master.o

.text.I2C0_DO_SEND_RESTART_WRITE
                0x00000000000055b2        0x6
 .text.I2C0_DO_SEND_RESTART_WRITE
                0x00000000000055b2        0x6 build/default/production/mcc_generated_files/src/twi0_master.o

.text.mx_tcpm_set_port_addr
                0x00000000000055b8        0x6
 .text.mx_tcpm_set_port_addr
                0x00000000000055b8        0x6 build/default/production/mx_tcpm.o
                0x00000000000055b8                mx_tcpm_set_port_addr

.text.mx_tcpm_increment_ms_clk
                0x00000000000055be        0x6
 .text.mx_tcpm_increment_ms_clk
                0x00000000000055be        0x6 build/default/production/mx_tcpm.o
                0x00000000000055be                mx_tcpm_increment_ms_clk

.text.mx_tcpm_get_ms_clk
                0x00000000000055c4        0x6
 .text.mx_tcpm_get_ms_clk
                0x00000000000055c4        0x6 build/default/production/mx_tcpm.o
                0x00000000000055c4                mx_tcpm_get_ms_clk

.text.tcpci_cable_disc
                0x00000000000055ca        0x6
 .text.tcpci_cable_disc
                0x00000000000055ca        0x6 build/default/production/tcpci.o

.text.tcpm_tcpc_reset
                0x00000000000055d0        0x6
 .text.tcpm_tcpc_reset
                0x00000000000055d0        0x6 build/default/production/tcpm.o
                0x00000000000055d0                tcpm_tcpc_reset

.text           0x00000000000055d6        0x4
 .text          0x00000000000055d6        0x4 C:/Program Files/Microchip/MPLABX/v5.50/packs/Microchip/ATtiny_DFP/2.6.122/xc8/avr/lib/avrxmega3/crtattiny3217.o
                0x00000000000055d6                __vector_22
                0x00000000000055d6                __vector_28
                0x00000000000055d6                __vector_1
                0x00000000000055d6                __vector_24
                0x00000000000055d6                __vector_12
                0x00000000000055d6                __bad_interrupt
                0x00000000000055d6                __vector_3
                0x00000000000055d6                __vector_23
                0x00000000000055d6                __vector_25
                0x00000000000055d6                __vector_11
                0x00000000000055d6                __vector_13
                0x00000000000055d6                __vector_17
                0x00000000000055d6                __vector_19
                0x00000000000055d6                __vector_27
                0x00000000000055d6                __vector_9
                0x00000000000055d6                __vector_21
                0x00000000000055d6                __vector_15
                0x00000000000055d6                __vector_29
                0x00000000000055d6                __vector_8
                0x00000000000055d6                __vector_26
                0x00000000000055d6                __vector_14
                0x00000000000055d6                __vector_10
                0x00000000000055d6                __vector_16
                0x00000000000055d6                __vector_18
                0x00000000000055d6                __vector_20

.text.I2C0_RETURN_STOP
                0x00000000000055da        0x4
 .text.I2C0_RETURN_STOP
                0x00000000000055da        0x4 build/default/production/mcc_generated_files/src/twi0_master.o

.text.I2C0_RETURN_RESET
                0x00000000000055de        0x4
 .text.I2C0_RETURN_RESET
                0x00000000000055de        0x4 build/default/production/mcc_generated_files/src/twi0_master.o

.text.I2C0_SetRestartWriteCallback
                0x00000000000055e2        0x4
 .text.I2C0_SetRestartWriteCallback
                0x00000000000055e2        0x4 build/default/production/mcc_generated_files/src/twi0_master.o
                0x00000000000055e2                I2C0_SetRestartWriteCallback

.rodata.snk_pdo
                0x000000000080d5e6        0x4 load address 0x00000000000055e6
 .rodata.snk_pdo
                0x000000000080d5e6        0x4 build/default/production/tcpci.o

.rodata.user_callbacks
                0x000000000080d5ea        0x4 load address 0x00000000000055ea
 .rodata.user_callbacks
                0x000000000080d5ea        0x4 build/default/production/main.o
                0x000000000080d5ea                user_callbacks

.text.PORTC_IO_CLED_DefaultInterruptHandler
                0x00000000000055ee        0x2
 .text.PORTC_IO_CLED_DefaultInterruptHandler
                0x00000000000055ee        0x2 build/default/production/mcc_generated_files/src/pin_manager.o
                0x00000000000055ee                PORTC_IO_CLED_DefaultInterruptHandler

.text.PORTB_PB3_DefaultInterruptHandler
                0x00000000000055f0        0x2
 .text.PORTB_PB3_DefaultInterruptHandler
                0x00000000000055f0        0x2 build/default/production/mcc_generated_files/src/pin_manager.o
                0x00000000000055f0                PORTB_PB3_DefaultInterruptHandler

.text.PORTC_IO_DLED_DefaultInterruptHandler
                0x00000000000055f2        0x2
 .text.PORTC_IO_DLED_DefaultInterruptHandler
                0x00000000000055f2        0x2 build/default/production/mcc_generated_files/src/pin_manager.o
                0x00000000000055f2                PORTC_IO_DLED_DefaultInterruptHandler

.text.PORTB_PB2_DefaultInterruptHandler
                0x00000000000055f4        0x2
 .text.PORTB_PB2_DefaultInterruptHandler
                0x00000000000055f4        0x2 build/default/production/mcc_generated_files/src/pin_manager.o
                0x00000000000055f4                PORTB_PB2_DefaultInterruptHandler

.text.PORTC_IO_M_SW_DefaultInterruptHandler
                0x00000000000055f6        0x2
 .text.PORTC_IO_M_SW_DefaultInterruptHandler
                0x00000000000055f6        0x2 build/default/production/mcc_generated_files/src/pin_manager.o
                0x00000000000055f6                PORTC_IO_M_SW_DefaultInterruptHandler

.text.PORTC_IO_PC2_DefaultInterruptHandler
                0x00000000000055f8        0x2
 .text.PORTC_IO_PC2_DefaultInterruptHandler
                0x00000000000055f8        0x2 build/default/production/mcc_generated_files/src/pin_manager.o
                0x00000000000055f8                PORTC_IO_PC2_DefaultInterruptHandler

.text.PORTB_PB1_DefaultInterruptHandler
                0x00000000000055fa        0x2
 .text.PORTB_PB1_DefaultInterruptHandler
                0x00000000000055fa        0x2 build/default/production/mcc_generated_files/src/pin_manager.o
                0x00000000000055fa                PORTB_PB1_DefaultInterruptHandler

.text.PORTB_PB0_DefaultInterruptHandler
                0x00000000000055fc        0x2
 .text.PORTB_PB0_DefaultInterruptHandler
                0x00000000000055fc        0x2 build/default/production/mcc_generated_files/src/pin_manager.o
                0x00000000000055fc                PORTB_PB0_DefaultInterruptHandler

.data.I2C0_fsmStateTable
                0x0000000000803854       0x24 load address 0x00000000000055fe
 .data.I2C0_fsmStateTable
                0x0000000000803854       0x24 build/default/production/mcc_generated_files/src/twi0_master.o
                0x0000000000803854                I2C0_fsmStateTable

.data.tcpci_tcpc_config
                0x000000000080389c       0x15 load address 0x0000000000005622
 .data.tcpci_tcpc_config
                0x000000000080389c       0x15 build/default/production/tcpci.o

.data.USART0_stream
                0x00000000008038b1        0xe load address 0x0000000000005637
 .data.USART0_stream
                0x00000000008038b1        0xe build/default/production/mcc_generated_files/src/usart0.o
                0x00000000008038b1                USART0_stream

.data.src_pdo   0x00000000008038bf        0xc load address 0x0000000000005645
 .data.src_pdo  0x00000000008038bf        0xc build/default/production/tcpci.o
                0x00000000008038bf                src_pdo

.data           0x00000000008038cb        0x6 load address 0x0000000000005651
 .data          0x00000000008038cb        0x6 c:/program files/microchip/xc8/v2.32/avr/bin/../lib/gcc/avr/5.4.0/../../../../avr/lib/avrxmega3\libc.a(malloc.o)
                0x00000000008038cb                __malloc_heap_end
                0x00000000008038cd                __malloc_heap_start
                0x00000000008038cf                __malloc_margin

.data.AUTO_CDP_DCP_MODE
                0x00000000008038eb        0x2 load address 0x0000000000005657
 .data.AUTO_CDP_DCP_MODE
                0x00000000008038eb        0x2 build/default/production/tcpci.o
                0x00000000008038eb                AUTO_CDP_DCP_MODE

.data.last_pdo_type.2609
                0x00000000008038f8        0x1 load address 0x0000000000005659
 .data.last_pdo_type.2609
                0x00000000008038f8        0x1 build/default/production/tcpci.o

.data.last_slp.2563
                0x00000000008038f9        0x1 load address 0x000000000000565a
 .data.last_slp.2563
                0x00000000008038f9        0x1 build/default/production/tcpci.o

.data.buck_boost_setup_reg
                0x00000000008038fb        0x1 load address 0x000000000000565b
 .data.buck_boost_setup_reg
                0x00000000008038fb        0x1 build/default/production/tcpci.o
                0x00000000008038fb                buck_boost_setup_reg
